Γû▓ Next.js 16.1.6 (Turbopack)

  Creating an optimized production build ...
node.exe : 
At line:1 char:1
+ & "C:\Program Files
\nodejs/node.exe" 
"C:\Program 
Files\nodejs/node_mo 
...
+ ~~~~~~~~~~~~~~~~~~~
~~~~~~~~~~~~~~~~~~~~~
~~~~~~~~~~~~~~~~~~~~~
~~~~~~~~
    + CategoryInfo   
           : NotSpe  
  cified: (:String   
 ) [], RemoteExce    
ption
    + FullyQualified 
   ErrorId : Native  
  CommandError
 
> Build error 
occurred
Error: Turbopack 
build failed with 1 
errors:
./app
Error: Next.js 
inferred your 
workspace root, but 
it may not be 
correct.
    We couldn't find 
the Next.js package 
(next/package.json) 
from the project 
directory: C:\Users\s
ahul\Downloads\hibu 
code\v0 vercel\hibu-w
ebsite-clone\app
     To fix this, 
set turbopack.root 
in your Next.js 
config, or ensure 
the Next.js package 
is resolvable from 
this directory.
    Note: For 
security and 
performance reasons, 
files outside of the 
project directory 
will not be compiled.
    See https://nextj
s.org/docs/app/api-re
ference/config/next-c
onfig-js/turbopack#ro
ot-directory for 
more information.

    at ignore-listed 
frames
